- |
    <?xml version="1.0" encoding="UTF-8"?>
    <rss version="2.0" xmlns:atom="http://www.w3.org/2005/Atom">
        <channel>
            <atom:link href="http://localhost/feedBaseUrl/feed1-cached.json" rel="self" type="application/rss+xml" />
            <title><![CDATA[Cached Feed 1 JSON]]></title>
            <link><![CDATA[http://localhost/feedBaseUrl/feed1-cached.json]]></link>
            <image>
                <url>http://localhost/image.jpg</url>
                <title><![CDATA[Cached Feed 1 JSON]]></title>
                <link><![CDATA[http://localhost/feedBaseUrl/feed1-cached.json]]></link>
            </image>
            <description><![CDATA[This is feed 1 with cached items as JSON from the unit tests]]></description>
            <language>en-US</language>
            

                        <item>
                    <title><![CDATA[feedItemTitle]]></title>
                    <link>https://localhost/news/testItem1</link>
                    <description><![CDATA[feedItemSummary]]></description>
                    <author><![CDATA[feedItemAuthor <feedItemAuthor@test.test>]]></author>
                    <guid>http://localhost/1</guid>
                    
                                        <category>feedItemCategory</category>
                                </item>
                        <item>
                    <title><![CDATA[feedItemTitle]]></title>
                    <link>https://localhost/news/testItem2</link>
                    <description><![CDATA[feedItemSummary]]></description>
                    <author><![CDATA[feedItemAuthor <feedItemAuthor@test.test>]]></author>
                    <guid>http://localhost/2</guid>
                    
                                        <category>feedItemCategory</category>
                                </item>
                        <item>
                    <title><![CDATA[feedItemTitle]]></title>
                    <link>https://localhost/news/testItem3</link>
                    <description><![CDATA[feedItemSummary]]></description>
                    <author><![CDATA[feedItemAuthor <feedItemAuthor@test.test>]]></author>
                    <guid>http://localhost/3</guid>
                    
                                        <category>feedItemCategory</category>
                                </item>
                        <item>
                    <title><![CDATA[feedItemTitle]]></title>
                    <link>https://localhost/news/testItem4</link>
                    <description><![CDATA[feedItemSummary]]></description>
                    <author><![CDATA[feedItemAuthor <feedItemAuthor@test.test>]]></author>
                    <guid>http://localhost/4</guid>
                    
                                        <category>feedItemCategory</category>
                                </item>
                        <item>
                    <title><![CDATA[feedItemTitle]]></title>
                    <link>https://localhost/news/testItem5</link>
                    <description><![CDATA[feedItemSummary]]></description>
                    <author><![CDATA[feedItemAuthor <feedItemAuthor@test.test>]]></author>
                    <guid>http://localhost/5</guid>
                    
                                        <category>feedItemCategory</category>
                                </item>
                </channel>
    </rss>
- |
    <?xml version="1.0" encoding="UTF-8"?>
    <rss version="2.0" xmlns:atom="http://www.w3.org/2005/Atom">
        <channel>
            <atom:link href="http://localhost/feedBaseUrl/feed1-cached.json" rel="self" type="application/rss+xml" />
            <title><![CDATA[Cached Feed 1 JSON]]></title>
            <link><![CDATA[http://localhost/feedBaseUrl/feed1-cached.json]]></link>
            <image>
                <url>http://localhost/image.jpg</url>
                <title><![CDATA[Cached Feed 1 JSON]]></title>
                <link><![CDATA[http://localhost/feedBaseUrl/feed1-cached.json]]></link>
            </image>
            <description><![CDATA[This is feed 1 with cached items as JSON from the unit tests]]></description>
            <language>en-US</language>
            

                        <item>
                    <title><![CDATA[feedItemTitle]]></title>
                    <link>https://localhost/news/testItem1</link>
                    <description><![CDATA[feedItemSummary]]></description>
                    <author><![CDATA[feedItemAuthor <feedItemAuthor@test.test>]]></author>
                    <guid>http://localhost/1</guid>
                    
                                        <category>feedItemCategory</category>
                                </item>
                        <item>
                    <title><![CDATA[feedItemTitle]]></title>
                    <link>https://localhost/news/testItem2</link>
                    <description><![CDATA[feedItemSummary]]></description>
                    <author><![CDATA[feedItemAuthor <feedItemAuthor@test.test>]]></author>
                    <guid>http://localhost/2</guid>
                    
                                        <category>feedItemCategory</category>
                                </item>
                        <item>
                    <title><![CDATA[feedItemTitle]]></title>
                    <link>https://localhost/news/testItem3</link>
                    <description><![CDATA[feedItemSummary]]></description>
                    <author><![CDATA[feedItemAuthor <feedItemAuthor@test.test>]]></author>
                    <guid>http://localhost/3</guid>
                    
                                        <category>feedItemCategory</category>
                                </item>
                        <item>
                    <title><![CDATA[feedItemTitle]]></title>
                    <link>https://localhost/news/testItem4</link>
                    <description><![CDATA[feedItemSummary]]></description>
                    <author><![CDATA[feedItemAuthor <feedItemAuthor@test.test>]]></author>
                    <guid>http://localhost/4</guid>
                    
                                        <category>feedItemCategory</category>
                                </item>
                        <item>
                    <title><![CDATA[feedItemTitle]]></title>
                    <link>https://localhost/news/testItem5</link>
                    <description><![CDATA[feedItemSummary]]></description>
                    <author><![CDATA[feedItemAuthor <feedItemAuthor@test.test>]]></author>
                    <guid>http://localhost/5</guid>
                    
                                        <category>feedItemCategory</category>
                                </item>
                </channel>
    </rss>
- |
    <?xml version="1.0" encoding="UTF-8"?>
    <rss version="2.0" xmlns:atom="http://www.w3.org/2005/Atom">
        <channel>
            <atom:link href="http://localhost/feedBaseUrl/feed1-cached.json" rel="self" type="application/rss+xml" />
            <title><![CDATA[Cached Feed 1 JSON]]></title>
            <link><![CDATA[http://localhost/feedBaseUrl/feed1-cached.json]]></link>
            <image>
                <url>http://localhost/image.jpg</url>
                <title><![CDATA[Cached Feed 1 JSON]]></title>
                <link><![CDATA[http://localhost/feedBaseUrl/feed1-cached.json]]></link>
            </image>
            <description><![CDATA[This is feed 1 with cached items as JSON from the unit tests]]></description>
            <language>en-US</language>
            

                        <item>
                    <title><![CDATA[feedItemTitle]]></title>
                    <link>https://localhost/news/testItem1</link>
                    <description><![CDATA[feedItemSummary]]></description>
                    <author><![CDATA[feedItemAuthor <feedItemAuthor@test.test>]]></author>
                    <guid>http://localhost/1</guid>
                    
                                        <category>feedItemCategory</category>
                                </item>
                        <item>
                    <title><![CDATA[feedItemTitle]]></title>
                    <link>https://localhost/news/testItem2</link>
                    <description><![CDATA[feedItemSummary]]></description>
                    <author><![CDATA[feedItemAuthor <feedItemAuthor@test.test>]]></author>
                    <guid>http://localhost/2</guid>
                    
                                        <category>feedItemCategory</category>
                                </item>
                        <item>
                    <title><![CDATA[feedItemTitle]]></title>
                    <link>https://localhost/news/testItem3</link>
                    <description><![CDATA[feedItemSummary]]></description>
                    <author><![CDATA[feedItemAuthor <feedItemAuthor@test.test>]]></author>
                    <guid>http://localhost/3</guid>
                    
                                        <category>feedItemCategory</category>
                                </item>
                        <item>
                    <title><![CDATA[feedItemTitle]]></title>
                    <link>https://localhost/news/testItem4</link>
                    <description><![CDATA[feedItemSummary]]></description>
                    <author><![CDATA[feedItemAuthor <feedItemAuthor@test.test>]]></author>
                    <guid>http://localhost/4</guid>
                    
                                        <category>feedItemCategory</category>
                                </item>
                        <item>
                    <title><![CDATA[feedItemTitle]]></title>
                    <link>https://localhost/news/testItem5</link>
                    <description><![CDATA[feedItemSummary]]></description>
                    <author><![CDATA[feedItemAuthor <feedItemAuthor@test.test>]]></author>
                    <guid>http://localhost/5</guid>
                    
                                        <category>feedItemCategory</category>
                                </item>
                        <item>
                    <title><![CDATA[feedItemTitle]]></title>
                    <link>https://localhost/news/testItem6</link>
                    <description><![CDATA[feedItemSummary]]></description>
                    <author><![CDATA[feedItemAuthor <feedItemAuthor@test.test>]]></author>
                    <guid>http://localhost/6</guid>
                    
                                        <category>feedItemCategory</category>
                                </item>
                </channel>
    </rss>
